// Jest Snapshot v1, https://goo.gl/fbAQLP

exports[`div.html.eex 1`] = `
====================================options=====================================
parsers: ["eex"]
printWidth: 80
                                                                                | printWidth
=====================================input======================================
<div><% %></div>
<div> <% %> </div>
<div>e<% %>e</div>
<div>e <% %> e</div>

<div><div></div><% %><div></div></div>
<div><div></div> <% %> <div></div></div>

<div>
  <%= if  do %>
    <% %>
  <% else %>
    ew
    <% %><% %>
  <% end %>
</div>

<div><% looooooooooooooooooooooooooooooooooooooooooooooooooooooooooooooooooooooooooooooooong %></div>
<div> <% looooooooooooooooooooooooooooooooooooooooooooooooooooooooooooooooooooooooooooooooong %> </div>
<div>e<% looooooooooooooooooooooooooooooooooooooooooooooooooooooooooooooooooooooooooooooooong %>e</div>
<div>e <% looooooooooooooooooooooooooooooooooooooooooooooooooooooooooooooooooooooooooooooooong %> e</div>

=====================================output=====================================
<div><%  %></div>
<div><%  %></div>
<div>e<%  %>e</div>
<div>e <%  %> e</div>

<div>
  <div></div>
  <%  %>
  <div></div>
</div>
<div>
  <div></div>
  <%  %>
  <div></div>
</div>

<div>
  <%= if  do %>
    <%  %>
  <% else %>
    ew
    <%  %><%  %>
  <% end %>
</div>

<div>
  <% looooooooooooooooooooooooooooooooooooooooooooooooooooooooooooooooooooooooooooooooong %>
</div>
<div>
  <% looooooooooooooooooooooooooooooooooooooooooooooooooooooooooooooooooooooooooooooooong %>
</div>
<div>
  e<% looooooooooooooooooooooooooooooooooooooooooooooooooooooooooooooooooooooooooooooooong %>e
</div>
<div>
  e
  <% looooooooooooooooooooooooooooooooooooooooooooooooooooooooooooooooooooooooooooooooong %>
  e
</div>

================================================================================
`;

exports[`figure.html.eex 1`] = `
====================================options=====================================
parsers: ["eex"]
printWidth: 80
                                                                                | printWidth
=====================================input======================================

=====================================output=====================================

================================================================================
`;

exports[`template.html.eex 1`] = `
====================================options=====================================
parsers: ["eex"]
printWidth: 80
                                                                                | printWidth
=====================================input======================================

=====================================output=====================================

================================================================================
`;
