// Jest Snapshot v1, https://goo.gl/fbAQLP

exports[`form_for.eex - eex-verify: form_for.eex 1`] = `
Object {
  Symbol(raw): "<div>
<span>
sds</span>
<%= form_for @changeset, Routes.user_path(@conn, :create), fn f -> %>
          <label>
                    Name: <%= text_input f, :name %>
                  </label>

       <label>
Age: <%= select f, :age, 18..100 %>
</label>

           <%= submit \\"Submit\\" %>
                        <% end %>

                        </div>

                        <%= if d do %>
                          <%= form_for @changeset, Routes.user_path(@conn, :create), fn f -> %>
<%= text_input f, :name %>
<% end %>
                        <% end %>~~~~~~~~~~~~~~~~~~~~~~~~~~~~~~~~~~~~~~~~~~~~~~~~~~~~~~~~~~~~~~~~~~~~~~~~~~~~~~~~
<div>
  <span> sds</span>
  <%= form_for @changeset, Routes.user_path(@conn, :create), fn f -> %>
    <label> Name: <%= text_input f, :name %> </label>

    <label> Age: <%= select f, :age, 18..100 %> </label>

    <%= submit \\"Submit\\" %>
  <% end %>
</div>

<%= if d do %>
  <%= form_for @changeset, Routes.user_path(@conn, :create), fn f -> %>
    <%= text_input f, :name %>
  <% end %>
<% end %>
",
}
`;
