// Jest Snapshot v1, https://goo.gl/fbAQLP

exports[`span.html.eex 1`] = `
====================================options=====================================
parsers: ["eex"]
printWidth: 80
                                                                                | printWidth
=====================================input======================================
<span><% e %> a</span>

=====================================output=====================================
<span><% e %> a</span>

================================================================================
`;
